ada	$1$COzMUgHH$zcbfWM62RDM6wq2yJOu/E1
brian	$1$T2W2ATor$d4J36Zy.uS.tYWHH04wi31
USER	$6$pinch.of.salt$7Jf16S36pj3hnNd7YxvqugbtIn6ZQi3tEWSv7wtKm.lQJp7mphib8UkrpN6ME4tDrj4vmuryXsrVDuse/4HS5.
don	$1$WezNzVpM$JmbHh5T.nHeioVj/c9Yqh1
